Archive member included to satisfy reference by file (symbol)

/tmp/riscv/rv32i/lib/gcc/riscv32-unknown-elf/8.2.0/libgcc.a(_divdi3.o)
                              firmware/multest.o (__divdi3)
/tmp/riscv/rv32i/lib/gcc/riscv32-unknown-elf/8.2.0/libgcc.a(_moddi3.o)
                              firmware/multest.o (__moddi3)
/tmp/riscv/rv32i/lib/gcc/riscv32-unknown-elf/8.2.0/libgcc.a(_udivdi3.o)
                              firmware/multest.o (__udivdi3)
/tmp/riscv/rv32i/lib/gcc/riscv32-unknown-elf/8.2.0/libgcc.a(_umoddi3.o)
                              firmware/multest.o (__umoddi3)
/tmp/riscv/rv32i/lib/gcc/riscv32-unknown-elf/8.2.0/libgcc.a(muldi3.o)
                              firmware/multest.o (__mulsi3)
/tmp/riscv/rv32i/lib/gcc/riscv32-unknown-elf/8.2.0/libgcc.a(multi3.o)
                              firmware/multest.o (__muldi3)
/tmp/riscv/rv32i/lib/gcc/riscv32-unknown-elf/8.2.0/libgcc.a(div.o)
                              /tmp/riscv/rv32i/lib/gcc/riscv32-unknown-elf/8.2.0/libgcc.a(_divdi3.o) (__divsi3)
/tmp/riscv/rv32i/lib/gcc/riscv32-unknown-elf/8.2.0/libgcc.a(_clz.o)
                              /tmp/riscv/rv32i/lib/gcc/riscv32-unknown-elf/8.2.0/libgcc.a(_divdi3.o) (__clz_tab)

Discarded input sections

 .debug_info    0x0000000000000000     0x1348 /tmp/riscv/rv32i/lib/gcc/riscv32-unknown-elf/8.2.0/libgcc.a(_divdi3.o)
 .debug_abbrev  0x0000000000000000      0x2f8 /tmp/riscv/rv32i/lib/gcc/riscv32-unknown-elf/8.2.0/libgcc.a(_divdi3.o)
 .debug_loc     0x0000000000000000      0x97b /tmp/riscv/rv32i/lib/gcc/riscv32-unknown-elf/8.2.0/libgcc.a(_divdi3.o)
 .debug_aranges
                0x0000000000000000       0x20 /tmp/riscv/rv32i/lib/gcc/riscv32-unknown-elf/8.2.0/libgcc.a(_divdi3.o)
 .debug_ranges  0x0000000000000000       0xf8 /tmp/riscv/rv32i/lib/gcc/riscv32-unknown-elf/8.2.0/libgcc.a(_divdi3.o)
 .debug_line    0x0000000000000000      0x9ca /tmp/riscv/rv32i/lib/gcc/riscv32-unknown-elf/8.2.0/libgcc.a(_divdi3.o)
 .debug_str     0x0000000000000000      0x817 /tmp/riscv/rv32i/lib/gcc/riscv32-unknown-elf/8.2.0/libgcc.a(_divdi3.o)
 .debug_info    0x0000000000000000     0x1383 /tmp/riscv/rv32i/lib/gcc/riscv32-unknown-elf/8.2.0/libgcc.a(_moddi3.o)
 .debug_abbrev  0x0000000000000000      0x2ef /tmp/riscv/rv32i/lib/gcc/riscv32-unknown-elf/8.2.0/libgcc.a(_moddi3.o)
 .debug_loc     0x0000000000000000      0x8f8 /tmp/riscv/rv32i/lib/gcc/riscv32-unknown-elf/8.2.0/libgcc.a(_moddi3.o)
 .debug_aranges
                0x0000000000000000       0x20 /tmp/riscv/rv32i/lib/gcc/riscv32-unknown-elf/8.2.0/libgcc.a(_moddi3.o)
 .debug_ranges  0x0000000000000000       0xe0 /tmp/riscv/rv32i/lib/gcc/riscv32-unknown-elf/8.2.0/libgcc.a(_moddi3.o)
 .debug_line    0x0000000000000000      0x9e8 /tmp/riscv/rv32i/lib/gcc/riscv32-unknown-elf/8.2.0/libgcc.a(_moddi3.o)
 .debug_str     0x0000000000000000      0x817 /tmp/riscv/rv32i/lib/gcc/riscv32-unknown-elf/8.2.0/libgcc.a(_moddi3.o)
 .debug_info    0x0000000000000000     0x1312 /tmp/riscv/rv32i/lib/gcc/riscv32-unknown-elf/8.2.0/libgcc.a(_udivdi3.o)
 .debug_abbrev  0x0000000000000000      0x2e0 /tmp/riscv/rv32i/lib/gcc/riscv32-unknown-elf/8.2.0/libgcc.a(_udivdi3.o)
 .debug_loc     0x0000000000000000      0xb94 /tmp/riscv/rv32i/lib/gcc/riscv32-unknown-elf/8.2.0/libgcc.a(_udivdi3.o)
 .debug_aranges
                0x0000000000000000       0x20 /tmp/riscv/rv32i/lib/gcc/riscv32-unknown-elf/8.2.0/libgcc.a(_udivdi3.o)
 .debug_ranges  0x0000000000000000      0x110 /tmp/riscv/rv32i/lib/gcc/riscv32-unknown-elf/8.2.0/libgcc.a(_udivdi3.o)
 .debug_line    0x0000000000000000      0x903 /tmp/riscv/rv32i/lib/gcc/riscv32-unknown-elf/8.2.0/libgcc.a(_udivdi3.o)
 .debug_str     0x0000000000000000      0x818 /tmp/riscv/rv32i/lib/gcc/riscv32-unknown-elf/8.2.0/libgcc.a(_udivdi3.o)
 .debug_info    0x0000000000000000     0x135c /tmp/riscv/rv32i/lib/gcc/riscv32-unknown-elf/8.2.0/libgcc.a(_umoddi3.o)
 .debug_abbrev  0x0000000000000000      0x2e8 /tmp/riscv/rv32i/lib/gcc/riscv32-unknown-elf/8.2.0/libgcc.a(_umoddi3.o)
 .debug_loc     0x0000000000000000      0x905 /tmp/riscv/rv32i/lib/gcc/riscv32-unknown-elf/8.2.0/libgcc.a(_umoddi3.o)
 .debug_aranges
                0x0000000000000000       0x20 /tmp/riscv/rv32i/lib/gcc/riscv32-unknown-elf/8.2.0/libgcc.a(_umoddi3.o)
 .debug_ranges  0x0000000000000000       0xe8 /tmp/riscv/rv32i/lib/gcc/riscv32-unknown-elf/8.2.0/libgcc.a(_umoddi3.o)
 .debug_line    0x0000000000000000      0x931 /tmp/riscv/rv32i/lib/gcc/riscv32-unknown-elf/8.2.0/libgcc.a(_umoddi3.o)
 .debug_str     0x0000000000000000      0x818 /tmp/riscv/rv32i/lib/gcc/riscv32-unknown-elf/8.2.0/libgcc.a(_umoddi3.o)
 .debug_line    0x0000000000000000       0x93 /tmp/riscv/rv32i/lib/gcc/riscv32-unknown-elf/8.2.0/libgcc.a(muldi3.o)
 .debug_info    0x0000000000000000       0x26 /tmp/riscv/rv32i/lib/gcc/riscv32-unknown-elf/8.2.0/libgcc.a(muldi3.o)
 .debug_abbrev  0x0000000000000000       0x14 /tmp/riscv/rv32i/lib/gcc/riscv32-unknown-elf/8.2.0/libgcc.a(muldi3.o)
 .debug_aranges
                0x0000000000000000       0x20 /tmp/riscv/rv32i/lib/gcc/riscv32-unknown-elf/8.2.0/libgcc.a(muldi3.o)
 .debug_str     0x0000000000000000       0x9f /tmp/riscv/rv32i/lib/gcc/riscv32-unknown-elf/8.2.0/libgcc.a(muldi3.o)
 .debug_info    0x0000000000000000      0xcea /tmp/riscv/rv32i/lib/gcc/riscv32-unknown-elf/8.2.0/libgcc.a(multi3.o)
 .debug_abbrev  0x0000000000000000      0x26f /tmp/riscv/rv32i/lib/gcc/riscv32-unknown-elf/8.2.0/libgcc.a(multi3.o)
 .debug_loc     0x0000000000000000      0x176 /tmp/riscv/rv32i/lib/gcc/riscv32-unknown-elf/8.2.0/libgcc.a(multi3.o)
 .debug_aranges
                0x0000000000000000       0x20 /tmp/riscv/rv32i/lib/gcc/riscv32-unknown-elf/8.2.0/libgcc.a(multi3.o)
 .debug_line    0x0000000000000000      0x405 /tmp/riscv/rv32i/lib/gcc/riscv32-unknown-elf/8.2.0/libgcc.a(multi3.o)
 .debug_str     0x0000000000000000      0x7eb /tmp/riscv/rv32i/lib/gcc/riscv32-unknown-elf/8.2.0/libgcc.a(multi3.o)
 .debug_frame   0x0000000000000000       0x2c /tmp/riscv/rv32i/lib/gcc/riscv32-unknown-elf/8.2.0/libgcc.a(multi3.o)
 .debug_line    0x0000000000000000      0x169 /tmp/riscv/rv32i/lib/gcc/riscv32-unknown-elf/8.2.0/libgcc.a(div.o)
 .debug_info    0x0000000000000000       0x26 /tmp/riscv/rv32i/lib/gcc/riscv32-unknown-elf/8.2.0/libgcc.a(div.o)
 .debug_abbrev  0x0000000000000000       0x14 /tmp/riscv/rv32i/lib/gcc/riscv32-unknown-elf/8.2.0/libgcc.a(div.o)
 .debug_aranges
                0x0000000000000000       0x20 /tmp/riscv/rv32i/lib/gcc/riscv32-unknown-elf/8.2.0/libgcc.a(div.o)
 .debug_str     0x0000000000000000       0x9c /tmp/riscv/rv32i/lib/gcc/riscv32-unknown-elf/8.2.0/libgcc.a(div.o)
 .debug_info    0x0000000000000000      0xb3f /tmp/riscv/rv32i/lib/gcc/riscv32-unknown-elf/8.2.0/libgcc.a(_clz.o)
 .debug_abbrev  0x0000000000000000      0x1e8 /tmp/riscv/rv32i/lib/gcc/riscv32-unknown-elf/8.2.0/libgcc.a(_clz.o)
 .debug_aranges
                0x0000000000000000       0x18 /tmp/riscv/rv32i/lib/gcc/riscv32-unknown-elf/8.2.0/libgcc.a(_clz.o)
 .debug_line    0x0000000000000000      0x1f1 /tmp/riscv/rv32i/lib/gcc/riscv32-unknown-elf/8.2.0/libgcc.a(_clz.o)
 .debug_str     0x0000000000000000      0x753 /tmp/riscv/rv32i/lib/gcc/riscv32-unknown-elf/8.2.0/libgcc.a(_clz.o)

Memory Configuration

Name             Origin             Length             Attributes
mem              0x0000000000000000 0x0000000000018000
*default*        0x0000000000000000 0xffffffffffffffff

Linker script and memory map


.memory         0x0000000000000000     0x2ca4
                0x0000000000000000                . = 0x0
 start*(.text)
 *(.text)
 .text          0x0000000000000000      0x708 firmware/start.o
                0x0000000000000470                lui_ret
                0x000000000000047c                auipc_ret
                0x0000000000000488                j_ret
                0x0000000000000494                jal_ret
                0x00000000000004a0                jalr_ret
                0x00000000000004ac                beq_ret
                0x00000000000004b8                bne_ret
                0x00000000000004c4                blt_ret
                0x00000000000004d0                bge_ret
                0x00000000000004dc                bltu_ret
                0x00000000000004e8                bgeu_ret
                0x00000000000004f4                lb_ret
                0x0000000000000500                lh_ret
                0x000000000000050c                lw_ret
                0x0000000000000518                lbu_ret
                0x0000000000000524                lhu_ret
                0x0000000000000530                sb_ret
                0x000000000000053c                sh_ret
                0x0000000000000548                sw_ret
                0x0000000000000554                addi_ret
                0x0000000000000560                slti_ret
                0x000000000000056c                xori_ret
                0x0000000000000578                ori_ret
                0x0000000000000584                andi_ret
                0x0000000000000590                slli_ret
                0x000000000000059c                srli_ret
                0x00000000000005a8                srai_ret
                0x00000000000005b4                add_ret
                0x00000000000005c0                sub_ret
                0x00000000000005cc                sll_ret
                0x00000000000005d8                slt_ret
                0x00000000000005e4                xor_ret
                0x00000000000005f0                srl_ret
                0x00000000000005fc                sra_ret
                0x0000000000000608                or_ret
                0x0000000000000614                and_ret
                0x0000000000000620                mulh_ret
                0x000000000000062c                mulhsu_ret
                0x0000000000000638                mulhu_ret
                0x0000000000000644                mul_ret
                0x0000000000000650                div_ret
                0x000000000000065c                divu_ret
                0x0000000000000668                rem_ret
                0x0000000000000674                remu_ret
                0x0000000000000680                simple_ret
                0x00000000000006ce                hard_mul
                0x00000000000006d4                hard_mulh
                0x00000000000006da                hard_mulhsu
                0x00000000000006e0                hard_mulhu
                0x00000000000006e6                hard_div
                0x00000000000006ec                hard_divu
                0x00000000000006f2                hard_rem
                0x00000000000006f8                hard_remu
 .text          0x0000000000000708      0x2b8 firmware/irq.o
                0x0000000000000708                irq
 .text          0x00000000000009c0       0x92 firmware/print.o
                0x00000000000009c0                print_chr
                0x00000000000009c8                print_str
                0x00000000000009da                print_dec
                0x0000000000000a2a                print_hex
 .text          0x0000000000000a52        0xa firmware/hello.o
                0x0000000000000a52                hello
 .text          0x0000000000000a5c      0x198 firmware/sieve.o
                0x0000000000000b04                sieve
 .text          0x0000000000000bf4      0x2da firmware/multest.o
                0x0000000000000c12                multest
 .text          0x0000000000000ece      0x126 firmware/stats.o
                0x0000000000000f62                stats
 *fill*         0x0000000000000ff4        0x0 
 .text          0x0000000000000ff4      0x624 /tmp/riscv/rv32i/lib/gcc/riscv32-unknown-elf/8.2.0/libgcc.a(_divdi3.o)
                0x0000000000000ff4                __divdi3
 .text          0x0000000000001618      0x548 /tmp/riscv/rv32i/lib/gcc/riscv32-unknown-elf/8.2.0/libgcc.a(_moddi3.o)
                0x0000000000001618                __moddi3
 .text          0x0000000000001b60      0x5d4 /tmp/riscv/rv32i/lib/gcc/riscv32-unknown-elf/8.2.0/libgcc.a(_udivdi3.o)
                0x0000000000001b60                __udivdi3
 .text          0x0000000000002134      0x4f0 /tmp/riscv/rv32i/lib/gcc/riscv32-unknown-elf/8.2.0/libgcc.a(_umoddi3.o)
                0x0000000000002134                __umoddi3
 .text          0x0000000000002624       0x24 /tmp/riscv/rv32i/lib/gcc/riscv32-unknown-elf/8.2.0/libgcc.a(muldi3.o)
                0x0000000000002624                __mulsi3
 .text          0x0000000000002648       0x90 /tmp/riscv/rv32i/lib/gcc/riscv32-unknown-elf/8.2.0/libgcc.a(multi3.o)
                0x0000000000002648                __muldi3
 .text          0x00000000000026d8       0xb4 /tmp/riscv/rv32i/lib/gcc/riscv32-unknown-elf/8.2.0/libgcc.a(div.o)
                0x00000000000026d8                __divsi3
                0x00000000000026e0                __udivsi3
                0x0000000000002728                __umodsi3
                0x000000000000275c                __modsi3
 .text          0x000000000000278c        0x0 /tmp/riscv/rv32i/lib/gcc/riscv32-unknown-elf/8.2.0/libgcc.a(_clz.o)
 *(*)
 .data          0x000000000000278c        0x0 firmware/start.o
 .bss           0x000000000000278c        0x0 firmware/start.o
 .rela.text     0x000000000000278c        0x0 firmware/start.o
 .data          0x000000000000278c        0x0 firmware/irq.o
 .bss           0x000000000000278c        0x0 firmware/irq.o
 .rodata.str1.4
                0x000000000000278c      0x167 firmware/irq.o
                                        0x16b (size before relaxing)
 *fill*         0x00000000000028f3        0x1 
 .sbss          0x00000000000028f4        0xc firmware/irq.o
 .comment       0x0000000000002900       0x11 firmware/irq.o
                                         0x12 (size before relaxing)
 .data          0x0000000000002911        0x0 firmware/print.o
 .bss           0x0000000000002911        0x0 firmware/print.o
 *fill*         0x0000000000002911        0x3 
 .rodata.str1.4
                0x0000000000002914       0x11 firmware/print.o
 .comment       0x0000000000002925       0x12 firmware/print.o
 .data          0x0000000000002925        0x0 firmware/hello.o
 .bss           0x0000000000002925        0x0 firmware/hello.o
 *fill*         0x0000000000002925        0x3 
 .rodata.str1.4
                0x0000000000002928        0xd firmware/hello.o
 .comment       0x0000000000002935       0x12 firmware/hello.o
 .data          0x0000000000002935        0x0 firmware/sieve.o
 .bss           0x0000000000002935        0x0 firmware/sieve.o
 *fill*         0x0000000000002935        0x3 
 .rodata.str1.4
                0x0000000000002938       0x40 firmware/sieve.o
 .sbss          0x0000000000002978        0xc firmware/sieve.o
 .comment       0x0000000000002984       0x12 firmware/sieve.o
 .data          0x0000000000002984        0x0 firmware/multest.o
 .bss           0x0000000000002984        0x0 firmware/multest.o
 .rodata.str1.4
                0x0000000000002984       0x50 firmware/multest.o
                                         0x58 (size before relaxing)
 .sdata         0x00000000000029d4        0x4 firmware/multest.o
 .comment       0x00000000000029d8       0x12 firmware/multest.o
 .data          0x00000000000029d8        0x0 firmware/stats.o
 .bss           0x00000000000029d8        0x0 firmware/stats.o
 .rodata.str1.4
                0x00000000000029d8       0x3c firmware/stats.o
                                         0x3e (size before relaxing)
 .comment       0x0000000000002a14       0x12 firmware/stats.o
 .data          0x0000000000002a14        0x0 /tmp/riscv/rv32i/lib/gcc/riscv32-unknown-elf/8.2.0/libgcc.a(_divdi3.o)
 .bss           0x0000000000002a14        0x0 /tmp/riscv/rv32i/lib/gcc/riscv32-unknown-elf/8.2.0/libgcc.a(_divdi3.o)
 .comment       0x0000000000002a14       0x12 /tmp/riscv/rv32i/lib/gcc/riscv32-unknown-elf/8.2.0/libgcc.a(_divdi3.o)
 .eh_frame      0x0000000000002a14       0x64 /tmp/riscv/rv32i/lib/gcc/riscv32-unknown-elf/8.2.0/libgcc.a(_divdi3.o)
 .data          0x0000000000002a78        0x0 /tmp/riscv/rv32i/lib/gcc/riscv32-unknown-elf/8.2.0/libgcc.a(_moddi3.o)
 .bss           0x0000000000002a78        0x0 /tmp/riscv/rv32i/lib/gcc/riscv32-unknown-elf/8.2.0/libgcc.a(_moddi3.o)
 .comment       0x0000000000002a78       0x12 /tmp/riscv/rv32i/lib/gcc/riscv32-unknown-elf/8.2.0/libgcc.a(_moddi3.o)
 .eh_frame      0x0000000000002a78       0x68 /tmp/riscv/rv32i/lib/gcc/riscv32-unknown-elf/8.2.0/libgcc.a(_moddi3.o)
 .data          0x0000000000002ae0        0x0 /tmp/riscv/rv32i/lib/gcc/riscv32-unknown-elf/8.2.0/libgcc.a(_udivdi3.o)
 .bss           0x0000000000002ae0        0x0 /tmp/riscv/rv32i/lib/gcc/riscv32-unknown-elf/8.2.0/libgcc.a(_udivdi3.o)
 .comment       0x0000000000002ae0       0x12 /tmp/riscv/rv32i/lib/gcc/riscv32-unknown-elf/8.2.0/libgcc.a(_udivdi3.o)
 .eh_frame      0x0000000000002ae0       0x60 /tmp/riscv/rv32i/lib/gcc/riscv32-unknown-elf/8.2.0/libgcc.a(_udivdi3.o)
 .data          0x0000000000002b40        0x0 /tmp/riscv/rv32i/lib/gcc/riscv32-unknown-elf/8.2.0/libgcc.a(_umoddi3.o)
 .bss           0x0000000000002b40        0x0 /tmp/riscv/rv32i/lib/gcc/riscv32-unknown-elf/8.2.0/libgcc.a(_umoddi3.o)
 .comment       0x0000000000002b40       0x12 /tmp/riscv/rv32i/lib/gcc/riscv32-unknown-elf/8.2.0/libgcc.a(_umoddi3.o)
 .eh_frame      0x0000000000002b40       0x64 /tmp/riscv/rv32i/lib/gcc/riscv32-unknown-elf/8.2.0/libgcc.a(_umoddi3.o)
 .data          0x0000000000002ba4        0x0 /tmp/riscv/rv32i/lib/gcc/riscv32-unknown-elf/8.2.0/libgcc.a(muldi3.o)
 .bss           0x0000000000002ba4        0x0 /tmp/riscv/rv32i/lib/gcc/riscv32-unknown-elf/8.2.0/libgcc.a(muldi3.o)
 .data          0x0000000000002ba4        0x0 /tmp/riscv/rv32i/lib/gcc/riscv32-unknown-elf/8.2.0/libgcc.a(multi3.o)
 .bss           0x0000000000002ba4        0x0 /tmp/riscv/rv32i/lib/gcc/riscv32-unknown-elf/8.2.0/libgcc.a(multi3.o)
 .comment       0x0000000000002ba4       0x12 /tmp/riscv/rv32i/lib/gcc/riscv32-unknown-elf/8.2.0/libgcc.a(multi3.o)
 .data          0x0000000000002ba4        0x0 /tmp/riscv/rv32i/lib/gcc/riscv32-unknown-elf/8.2.0/libgcc.a(div.o)
 .bss           0x0000000000002ba4        0x0 /tmp/riscv/rv32i/lib/gcc/riscv32-unknown-elf/8.2.0/libgcc.a(div.o)
 .data          0x0000000000002ba4        0x0 /tmp/riscv/rv32i/lib/gcc/riscv32-unknown-elf/8.2.0/libgcc.a(_clz.o)
 .bss           0x0000000000002ba4        0x0 /tmp/riscv/rv32i/lib/gcc/riscv32-unknown-elf/8.2.0/libgcc.a(_clz.o)
 .rodata        0x0000000000002ba4      0x100 /tmp/riscv/rv32i/lib/gcc/riscv32-unknown-elf/8.2.0/libgcc.a(_clz.o)
                0x0000000000002ba4                __clz_tab
 .comment       0x0000000000002ca4       0x12 /tmp/riscv/rv32i/lib/gcc/riscv32-unknown-elf/8.2.0/libgcc.a(_clz.o)
                0x0000000000002cb6                end = .
                0x0000000000002cb8                . = ALIGN (0x4)
LOAD firmware/start.o
LOAD firmware/irq.o
LOAD firmware/print.o
LOAD firmware/hello.o
LOAD firmware/sieve.o
LOAD firmware/multest.o
LOAD firmware/stats.o
LOAD /tmp/riscv/rv32i/lib/gcc/riscv32-unknown-elf/8.2.0/libgcc.a
OUTPUT(firmware/firmware.elf elf32-littleriscv)
